// Jest Snapshot v1, https://goo.gl/fbAQLP

exports[`Renders each issue individually matches snapshot 1`] = `null`;
